2025-01-02 08:50:36,744 - EDA - INFO - Loading data from c:\Users\hp\Desktop\10Academy\Rossmann-sales-forecast\data\rossmann-store-sales\train.csv
2025-01-02 08:50:37,268 - EDA - INFO - Loading data from c:\Users\hp\Desktop\10Academy\Rossmann-sales-forecast\data\rossmann-store-sales\store.csv
2025-01-02 08:50:46,565 - EDA - INFO - Cleaning data: handling missing values and outliers.
2025-01-02 08:50:58,884 - Visualization - INFO - Plotting promotion distribution.
2025-01-02 08:53:23,012 - Visualization - INFO - Plotting promotion distribution.
2025-01-02 08:54:28,663 - Visualization - INFO - Plotting promotion distribution.
2025-01-02 08:54:36,682 - Visualization - INFO - Plotting sales vs customers scatter plot.
2025-01-02 09:02:00,289 - Visualization - INFO - Plotting promotion distribution.
2025-01-02 09:02:08,610 - Visualization - INFO - Plotting sales vs customers scatter plot.
2025-01-02 09:03:11,987 - Visualization - INFO - Plotting promotion distribution.
2025-01-02 09:03:18,749 - Visualization - INFO - Plotting sales vs customers scatter plot.
2025-01-02 09:06:23,972 - EDA - INFO - Cleaning data: handling missing values and outliers.
2025-01-02 09:06:51,281 - EDA - INFO - Loading data from c:\Users\hp\Desktop\10Academy\Rossmann-sales-forecast\data\rossmann-store-sales\train.csv
2025-01-02 09:06:51,817 - EDA - INFO - Loading data from c:\Users\hp\Desktop\10Academy\Rossmann-sales-forecast\data\rossmann-store-sales\store.csv
2025-01-02 09:06:58,473 - EDA - INFO - Cleaning data: handling missing values and outliers.
2025-01-02 09:07:04,951 - Visualization - INFO - Plotting promotion distribution.
2025-01-02 09:07:08,671 - Visualization - INFO - Plotting sales vs customers scatter plot.
2025-01-02 09:07:15,447 - EDA - INFO - Cleaning data: handling missing values and outliers.
2025-01-11 10:06:51,321 - EDA - INFO - Loading data from c:\Users\hp\Desktop\10Academy\Rossmann-sales-forecast\data\rossmann-store-sales\train.csv
2025-01-11 10:06:51,914 - EDA - INFO - Loading data from c:\Users\hp\Desktop\10Academy\Rossmann-sales-forecast\data\rossmann-store-sales\store.csv
2025-01-13 23:44:51,153 - EDA - INFO - Loading data from c:\Users\hp\Desktop\10Academy\Rossmann-sales-forecast\data\rossmann-store-sales\train.csv
2025-01-13 23:44:51,788 - EDA - INFO - Loading data from c:\Users\hp\Desktop\10Academy\Rossmann-sales-forecast\data\rossmann-store-sales\store.csv
2025-01-13 23:45:20,767 - EDA - INFO - Loading data from c:\Users\hp\Desktop\10Academy\Rossmann-sales-forecast\data\rossmann-store-sales\train.csv
2025-01-13 23:45:21,357 - EDA - INFO - Loading data from c:\Users\hp\Desktop\10Academy\Rossmann-sales-forecast\data\rossmann-store-sales\store.csv
2025-01-13 23:45:21,362 - EDA - INFO - Loading data from c:\Users\hp\Desktop\10Academy\Rossmann-sales-forecast\data\rossmann-store-sales\test.csv
2025-01-13 23:47:17,626 - EDA - INFO - Cleaning data: handling missing values and outliers.
2025-01-13 23:58:38,028 - EDA - INFO - Cleaning data: handling missing values and outliers.
2025-01-13 23:58:59,681 - EDA - INFO - Cleaning data: handling missing values and outliers.
2025-01-13 23:59:13,907 - Visualization - INFO - Plotting promotion distribution.
2025-01-13 23:59:15,244 - Visualization - INFO - Saved promo distribution plot to outputs/eda\promo_distribution.png
